// Jest Snapshot v1, https://goo.gl/fbAQLP

exports[`Component renders properly Game renders successfully 1`] = `"<div class=\\"game\\"><div class=\\"game-status\\">Next player: X</div><div class=\\"game-board\\"><div class=\\"board\\"><button class=\\" square\\"></button><button class=\\" square\\"></button><button class=\\" square\\"></button><button class=\\" square\\"></button><button class=\\" square\\"></button><button class=\\" square\\"></button><button class=\\" square\\"></button><button class=\\" square\\"></button><button class=\\" square\\"></button><button class=\\" square\\"></button><button class=\\" square\\"></button><button class=\\" square\\"></button><button class=\\" square\\"></button><button class=\\" square\\"></button><button class=\\" square\\"></button><button class=\\" square\\"></button></div></div><div class=\\"game-info\\"><button class=\\"button button--new-game\\">Reset</button></div></div>"`;
